core_cm7.h:2229:22:SCB_EnableICache	4	static,ignoring_inline_asm
core_cm7.h:2265:22:SCB_InvalidateICache	4	static,ignoring_inline_asm
core_cm7.h:2281:22:SCB_EnableDCache	24	static,ignoring_inline_asm
core_cm7.h:2357:22:SCB_InvalidateDCache	24	static,ignoring_inline_asm
main.c:162:5:main	72	static
main.c:294:6:SystemClock_Config	216	static
main.c:377:13:MX_ADC3_Init	24	static
main.c:427:13:MX_CRC_Init	8	static
main.c:458:13:MX_DCMI_Init	8	static
main.c:495:13:MX_DMA2D_Init	8	static
main.c:532:13:MX_I2C1_Init	8	static
main.c:586:13:MX_I2C3_Init	8	static
main.c:641:13:MX_LTDC_Init	64	static
main.c:705:13:MX_QUADSPI_Init	8	static
main.c:750:13:MX_RTC_Init	80	static
main.c:842:13:MX_SAI2_Init	8	static
main.c:927:13:MX_SDMMC1_SD_Init	4	static
main.c:955:13:MX_SPDIFRX_Init	8	static
main.c:991:13:MX_TIM1_Init	112	static
main.c:1071:13:MX_TIM2_Init	64	static
main.c:1134:13:MX_TIM3_Init	64	static
main.c:1205:13:MX_TIM5_Init	64	static
main.c:1264:13:MX_TIM8_Init	40	static
main.c:1311:13:MX_TIM12_Init	56	static
main.c:1363:13:MX_USART1_UART_Init	8	static
main.c:1398:13:MX_USART6_UART_Init	8	static
main.c:1433:13:MX_DMA_Init	16	static
main.c:1475:13:MX_FMC_Init	40	static
main.c:1528:13:MX_GPIO_Init	72	static
main.c:1726:6:Error	16	static
main.c:1742:6:StartDefaultTask	24	static
main.c:1771:6:startUITask	32	static
main.c:1802:6:HAL_TIM_PeriodElapsedCallback	16	static
main.c:1819:6:Error_Handler	8	static
