stm32f7xx_hal_msp.c:71:6:HAL_MspInit	16	static
stm32f7xx_hal_msp.c:95:6:HAL_ADC_MspInit	48	static
stm32f7xx_hal_msp.c:140:6:HAL_ADC_MspDeInit	16	static
stm32f7xx_hal_msp.c:176:6:HAL_CRC_MspInit	24	static
stm32f7xx_hal_msp.c:198:6:HAL_CRC_MspDeInit	16	static
stm32f7xx_hal_msp.c:220:6:HAL_DCMI_MspInit	64	static
stm32f7xx_hal_msp.c:320:6:HAL_DCMI_MspDeInit	16	static
stm32f7xx_hal_msp.c:372:6:HAL_DMA2D_MspInit	24	static
stm32f7xx_hal_msp.c:397:6:HAL_DMA2D_MspDeInit	16	static
stm32f7xx_hal_msp.c:422:6:HAL_I2C_MspInit	56	static
stm32f7xx_hal_msp.c:486:6:HAL_I2C_MspDeInit	16	static
stm32f7xx_hal_msp.c:537:6:HAL_LTDC_MspInit	64	static
stm32f7xx_hal_msp.c:635:6:HAL_LTDC_MspDeInit	16	static
stm32f7xx_hal_msp.c:702:6:HAL_QSPI_MspInit	56	static
stm32f7xx_hal_msp.c:768:6:HAL_QSPI_MspDeInit	16	static
stm32f7xx_hal_msp.c:807:6:HAL_RTC_MspInit	16	static
stm32f7xx_hal_msp.c:829:6:HAL_RTC_MspDeInit	16	static
stm32f7xx_hal_msp.c:851:6:HAL_SD_MspInit	48	static
stm32f7xx_hal_msp.c:900:6:HAL_SD_MspDeInit	16	static
stm32f7xx_hal_msp.c:936:6:HAL_SPDIFRX_MspInit	48	static
stm32f7xx_hal_msp.c:971:6:HAL_SPDIFRX_MspDeInit	16	static
stm32f7xx_hal_msp.c:999:6:HAL_TIM_Base_MspInit	40	static
stm32f7xx_hal_msp.c:1088:6:HAL_TIM_MspPostInit	56	static
stm32f7xx_hal_msp.c:1203:6:HAL_TIM_Base_MspDeInit	16	static
stm32f7xx_hal_msp.c:1312:6:HAL_UART_MspInit	56	static
stm32f7xx_hal_msp.c:1380:6:HAL_UART_MspDeInit	16	static
stm32f7xx_hal_msp.c:1425:13:HAL_FMC_MspInit	32	static
stm32f7xx_hal_msp.c:1538:6:HAL_SDRAM_MspInit	16	static
stm32f7xx_hal_msp.c:1550:13:HAL_FMC_MspDeInit	8	static
stm32f7xx_hal_msp.c:1624:6:HAL_SDRAM_MspDeInit	16	static
stm32f7xx_hal_msp.c:1640:6:HAL_SAI_MspInit	48	static
stm32f7xx_hal_msp.c:1744:6:HAL_SAI_MspDeInit	16	static
