disco_lcd.c:73:6:LCD_Init	8	static
disco_lcd.c:101:6:LCD_DisplayOn	8	static
disco_lcd.c:113:6:LCD_DisplayOff	8	static
disco_lcd.c:127:6:LCD_SetTransparency	16	static
disco_lcd.c:139:6:LCD_SetTransparency_NoReload	16	static
disco_lcd.c:154:6:LCD_SetLayerWindow	24	static
disco_lcd.c:172:6:LCD_SetLayerWindow_NoReload	24	static
disco_lcd.c:189:6:LCD_SetColorKeying	16	static
disco_lcd.c:202:6:LCD_SetColorKeying_NoReload	16	static
disco_lcd.c:214:6:LCD_ResetColorKeying	16	static
disco_lcd.c:225:6:LCD_ResetColorKeying_NoReload	16	static
disco_lcd.c:238:6:LCD_Reload	16	static
disco_lcd.c:249:6:LCD_SetStrokeColor	16	static
disco_lcd.c:261:6:LCD_SetFillColor	16	static
disco_lcd.c:274:6:LCD_SetBackColor	16	static
disco_lcd.c:289:6:LCD_SetFont	16	static
disco_lcd.c:303:10:LCD_ReadPixel	16	static
disco_lcd.c:320:6:LCD_DrawPixel	16	static
disco_lcd.c:327:6:LCD_DrawPixelColor	16	static
disco_lcd.c:341:6:LCD_FillPixel	16	static
disco_lcd.c:353:6:LCD_ErasePixel	16	static
disco_lcd.c:363:6:LCD_Clear	16	static
disco_lcd.c:374:6:LCD_ClearStringAtLine	24	static
disco_lcd.c:393:6:LCD_DrawChar	24	static
disco_lcd.c:411:6:LCD_DrawString	40	static
disco_lcd.c:472:6:LCD_DrawStringAtLine	24	static
disco_lcd.c:484:6:LCD_DrawHLine	24	static
disco_lcd.c:490:6:LCD_EraseHLine	24	static
disco_lcd.c:499:13:DrawHLine	32	static
disco_lcd.c:511:6:LCD_DrawVLine	24	static
disco_lcd.c:517:6:LCD_EraseVLine	24	static
disco_lcd.c:532:6:LCD_DrawLine	32	static
disco_lcd.c:537:6:LCD_EraseLine	32	static
disco_lcd.c:548:13:DrawLine	48	static
disco_lcd.c:626:6:LCD_DrawRect	32	static
disco_lcd.c:647:6:LCD_DrawCircle	32	static
disco_lcd.c:695:6:LCD_DrawPolygon	40	static
disco_lcd.c:725:6:LCD_DrawEllipse	56	static
disco_lcd.c:763:6:LCD_DrawBitmap	48	static
disco_lcd.c:826:6:LCD_FillRect	40	static
disco_lcd.c:842:6:LCD_FillCircle	32	static
disco_lcd.c:888:6:LCD_FillPolygon	64	static
disco_lcd.c:958:6:LCD_FillEllipse	56	static
disco_lcd.c:999:13:DrawChar	56	static
disco_lcd.c:1060:13:FillTriangle	64	static
disco_lcd.c:1141:13:LL_FillBuffer	32	static
disco_lcd.c:1178:13:LL_ConvertLineToARGB8888	32	static
disco_lcd.c:1220:17:ARGB888ToRGB565	32	static
